<testsuites id="" name="" tests="26" failures="2" skipped="0" errors="0" time="125.60097599999999">
<testsuite name="appointments.spec.ts" timestamp="2025-11-19T02:54:32.399Z" hostname="chromium" tests="7" failures="0" skipped="0" time="46.712" errors="0">
<testcase name="Appointments Module - Real Data E2E › should load Appointments dashboard with real data" classname="appointments.spec.ts" time="3.664">
<system-out>
<![CDATA[🔐 Logging in as patient1@dentiagest.test...
✅ Logged in as patient1@dentiagest.test (token in localStorage, ready to navigate)
📋 Test: Load Appointments Dashboard
✅ Appointments dashboard loaded successfully
]]>
</system-out>
</testcase>
<testcase name="Appointments Module - Real Data E2E › should display appointment list with real data" classname="appointments.spec.ts" time="5.348">
<system-out>
<![CDATA[🔐 Logging in as patient1@dentiagest.test...
✅ Logged in as patient1@dentiagest.test (token in localStorage, ready to navigate)
📋 Test: Display Appointment List
ℹ️ No appointments found for this patient (expected for some users)
]]>
</system-out>
</testcase>
<testcase name="Appointments Module - Real Data E2E › should filter appointments by status" classname="appointments.spec.ts" time="13.229">
<system-out>
<![CDATA[🔐 Logging in as patient1@dentiagest.test...
✅ Logged in as patient1@dentiagest.test (token in localStorage, ready to navigate)
📋 Test: Filter Appointments by Status
⚠️ No filter found
ℹ️ No filter controls found (may not be implemented)
]]>
</system-out>
</testcase>
<testcase name="Appointments Module - Real Data E2E › should handle appointment details view" classname="appointments.spec.ts" time="3.168">
<system-out>
<![CDATA[🔐 Logging in as patient1@dentiagest.test...
✅ Logged in as patient1@dentiagest.test (token in localStorage, ready to navigate)
📋 Test: View Appointment Details
ℹ️ No appointment links found
]]>
</system-out>
</testcase>
<testcase name="Appointments Module - Real Data E2E › should verify GraphQL queries execute correctly" classname="appointments.spec.ts" time="5.112">
<system-out>
<![CDATA[🔐 Logging in as patient1@dentiagest.test...
✅ Logged in as patient1@dentiagest.test (token in localStorage, ready to navigate)
📋 Test: Verify GraphQL Query Execution
✅ GraphQL queries executed: 1 requests
]]>
</system-out>
</testcase>
<testcase name="Appointments Module - Real Data E2E › should navigate between appointment tabs/sections" classname="appointments.spec.ts" time="13.083">
<system-out>
<![CDATA[🔐 Logging in as patient1@dentiagest.test...
✅ Logged in as patient1@dentiagest.test (token in localStorage, ready to navigate)
📋 Test: Navigate Between Tabs
⚠️ No tabs found
ℹ️ Only one or no tabs found
]]>
</system-out>
</testcase>
<testcase name="Appointments Module - Real Data E2E › should handle empty state gracefully" classname="appointments.spec.ts" time="3.108">
<system-out>
<![CDATA[🔐 Logging in as patient1@dentiagest.test...
✅ Logged in as patient1@dentiagest.test (token in localStorage, ready to navigate)
📋 Test: Handle Empty State
✅ Empty state message displayed correctly
]]>
</system-out>
</testcase>
</testsuite>
<testsuite name="documents.spec.ts" timestamp="2025-11-19T02:54:32.399Z" hostname="chromium" tests="9" failures="1" skipped="0" time="88.54" errors="0">
<testcase name="Documents Module - Real Data E2E › should load Document Vault with real data" classname="documents.spec.ts" time="3.071">
<system-out>
<![CDATA[🔐 Logging in as patient1@dentiagest.test...
✅ Logged in as patient1@dentiagest.test (token in localStorage, ready to navigate)
📋 Test: Load Document Vault
✅ Document Vault loaded successfully
]]>
</system-out>
</testcase>
<testcase name="Documents Module - Real Data E2E › should display document list with real data" classname="documents.spec.ts" time="5.182">
<system-out>
<![CDATA[🔐 Logging in as patient1@dentiagest.test...
✅ Logged in as patient1@dentiagest.test (token in localStorage, ready to navigate)
📋 Test: Display Document List
ℹ️ No documents found for this patient (expected for some users)
]]>
</system-out>
</testcase>
<testcase name="Documents Module - Real Data E2E › should search documents by name" classname="documents.spec.ts" time="13.065">
<system-out>
<![CDATA[🔐 Logging in as patient1@dentiagest.test...
✅ Logged in as patient1@dentiagest.test (token in localStorage, ready to navigate)
📋 Test: Search Documents
⚠️ No search found
ℹ️ Search input not found
]]>
</system-out>
</testcase>
<testcase name="Documents Module - Real Data E2E › should filter documents by type" classname="documents.spec.ts" time="12.932">
<system-out>
<![CDATA[🔐 Logging in as patient1@dentiagest.test...
✅ Logged in as patient1@dentiagest.test (token in localStorage, ready to navigate)
📋 Test: Filter Documents by Type
⚠️ No filters found
ℹ️ No filter controls found
]]>
</system-out>
</testcase>
<testcase name="Documents Module - Real Data E2E › should open document details/preview" classname="documents.spec.ts" time="2.988">
<system-out>
<![CDATA[🔐 Logging in as patient1@dentiagest.test...
✅ Logged in as patient1@dentiagest.test (token in localStorage, ready to navigate)
📋 Test: Open Document Details
ℹ️ No document links found
]]>
</system-out>
</testcase>
<testcase name="Documents Module - Real Data E2E › should handle download button (mock S3)" classname="documents.spec.ts" time="3.047">
<system-out>
<![CDATA[🔐 Logging in as patient1@dentiagest.test...
✅ Logged in as patient1@dentiagest.test (token in localStorage, ready to navigate)
📋 Test: Document Download
ℹ️ No download buttons found
]]>
</system-out>
</testcase>
<testcase name="Documents Module - Real Data E2E › should verify GraphQL queries for documents" classname="documents.spec.ts" time="5.018">
<system-out>
<![CDATA[🔐 Logging in as patient1@dentiagest.test...
✅ Logged in as patient1@dentiagest.test (token in localStorage, ready to navigate)
📋 Test: Verify Document GraphQL Queries
✅ GraphQL queries executed: 1 requests
]]>
</system-out>
</testcase>
<testcase name="Documents Module - Real Data E2E › should display document metadata correctly" classname="documents.spec.ts" time="30.173">
<failure message="documents.spec.ts:195:7 should display document metadata correctly" type="FAILURE">
<![CDATA[  [chromium] › documents.spec.ts:195:7 › Documents Module - Real Data E2E › should display document metadata correctly 

    Test timeout of 30000ms exceeded.

    attachment #1: screenshot (image/png) ──────────────────────────────────────────────────────────
    ..\..\test-results\artifacts\documents-Documents-Module-28da1-document-metadata-correctly-chromium\test-failed-1.png
    ────────────────────────────────────────────────────────────────────────────────────────────────

    attachment #2: video (video/webm) ──────────────────────────────────────────────────────────────
    ..\..\test-results\artifacts\documents-Documents-Module-28da1-document-metadata-correctly-chromium\video.webm
    ────────────────────────────────────────────────────────────────────────────────────────────────

    Error Context: ..\..\test-results\artifacts\documents-Documents-Module-28da1-document-metadata-correctly-chromium\error-context.md
]]>
</failure>
<system-out>
<![CDATA[🔐 Logging in as patient1@dentiagest.test...
✅ Logged in as patient1@dentiagest.test (token in localStorage, ready to navigate)
📋 Test: Display Document Metadata
⚠️ No metadata found
ℹ️ Metadata not clearly visible

[[ATTACHMENT|artifacts\documents-Documents-Module-28da1-document-metadata-correctly-chromium\test-failed-1.png]]

[[ATTACHMENT|artifacts\documents-Documents-Module-28da1-document-metadata-correctly-chromium\video.webm]]

[[ATTACHMENT|artifacts\documents-Documents-Module-28da1-document-metadata-correctly-chromium\error-context.md]]
]]>
</system-out>
</testcase>
<testcase name="Documents Module - Real Data E2E › should navigate document tabs/sections" classname="documents.spec.ts" time="13.064">
<system-out>
<![CDATA[🔐 Logging in as patient1@dentiagest.test...
✅ Logged in as patient1@dentiagest.test (token in localStorage, ready to navigate)
📋 Test: Navigate Document Tabs
⚠️ No tabs found
ℹ️ Only one or no tabs found
]]>
</system-out>
</testcase>
</testsuite>
<testsuite name="notifications.spec.ts" timestamp="2025-11-19T02:54:32.399Z" hostname="chromium" tests="10" failures="1" skipped="0" time="87.656" errors="0">
<testcase name="Notifications Module - Real Data E2E › should load Notifications dashboard with real data" classname="notifications.spec.ts" time="3.224">
<system-out>
<![CDATA[🔐 Logging in as patient1@dentiagest.test...
✅ Logged in as patient1@dentiagest.test (token in localStorage, ready to navigate)
📋 Test: Load Notifications Dashboard
✅ Notifications dashboard loaded successfully
]]>
</system-out>
</testcase>
<testcase name="Notifications Module - Real Data E2E › should display notification list with real data" classname="notifications.spec.ts" time="5.174">
<system-out>
<![CDATA[🔐 Logging in as patient1@dentiagest.test...
✅ Logged in as patient1@dentiagest.test (token in localStorage, ready to navigate)
📋 Test: Display Notification List
ℹ️ No notifications found (expected for new accounts)
]]>
</system-out>
</testcase>
<testcase name="Notifications Module - Real Data E2E › should filter notifications by type" classname="notifications.spec.ts" time="3.942">
<system-out>
<![CDATA[🔐 Logging in as patient1@dentiagest.test...
✅ Logged in as patient1@dentiagest.test (token in localStorage, ready to navigate)
📋 Test: Filter Notifications by Type
✅ Notification filter applied
]]>
</system-out>
</testcase>
<testcase name="Notifications Module - Real Data E2E › should mark notification as read" classname="notifications.spec.ts" time="5.368">
<system-out>
<![CDATA[🔐 Logging in as patient1@dentiagest.test...
✅ Logged in as patient1@dentiagest.test (token in localStorage, ready to navigate)
📋 Test: Mark Notification as Read
ℹ️ No mark-as-read buttons found or all notifications already read
]]>
</system-out>
</testcase>
<testcase name="Notifications Module - Real Data E2E › should mark all notifications as read" classname="notifications.spec.ts" time="3.263">
<system-out>
<![CDATA[🔐 Logging in as patient1@dentiagest.test...
✅ Logged in as patient1@dentiagest.test (token in localStorage, ready to navigate)
📋 Test: Mark All as Read
ℹ️ No "mark all" button found
]]>
</system-out>
</testcase>
<testcase name="Notifications Module - Real Data E2E › should navigate notification tabs (inbox, history, preferences)" classname="notifications.spec.ts" time="13.606">
<system-out>
<![CDATA[🔐 Logging in as patient1@dentiagest.test...
✅ Logged in as patient1@dentiagest.test (token in localStorage, ready to navigate)
📋 Test: Navigate Notification Tabs
⚠️ No tabs found
ℹ️ No tabs found
]]>
</system-out>
</testcase>
<testcase name="Notifications Module - Real Data E2E › should toggle notification channels in preferences" classname="notifications.spec.ts" time="13.689">
<system-out>
<![CDATA[🔐 Logging in as patient1@dentiagest.test...
✅ Logged in as patient1@dentiagest.test (token in localStorage, ready to navigate)
📋 Test: Update Notification Preferences
⚠️ No tabs found
ℹ️ Preferences tab not accessible
]]>
</system-out>
</testcase>
<testcase name="Notifications Module - Real Data E2E › should verify GraphQL queries execute for notifications" classname="notifications.spec.ts" time="5.173">
<system-out>
<![CDATA[🔐 Logging in as patient1@dentiagest.test...
✅ Logged in as patient1@dentiagest.test (token in localStorage, ready to navigate)
📋 Test: Verify Notification GraphQL Queries
✅ GraphQL queries executed: 2 requests
]]>
</system-out>
</testcase>
<testcase name="Notifications Module - Real Data E2E › should display notification metadata (date, type, priority)" classname="notifications.spec.ts" time="31.259">
<failure message="notifications.spec.ts:233:7 should display notification metadata (date, type, priority)" type="FAILURE">
<![CDATA[  [chromium] › notifications.spec.ts:233:7 › Notifications Module - Real Data E2E › should display notification metadata (date, type, priority) 

    Test timeout of 30000ms exceeded.

    attachment #1: screenshot (image/png) ──────────────────────────────────────────────────────────
    ..\..\test-results\artifacts\notifications-Notification-64ed2-etadata-date-type-priority--chromium\test-failed-1.png
    ────────────────────────────────────────────────────────────────────────────────────────────────

    attachment #2: video (video/webm) ──────────────────────────────────────────────────────────────
    ..\..\test-results\artifacts\notifications-Notification-64ed2-etadata-date-type-priority--chromium\video.webm
    ────────────────────────────────────────────────────────────────────────────────────────────────

    Error Context: ..\..\test-results\artifacts\notifications-Notification-64ed2-etadata-date-type-priority--chromium\error-context.md
]]>
</failure>
<system-out>
<![CDATA[🔐 Logging in as patient1@dentiagest.test...
✅ Logged in as patient1@dentiagest.test (token in localStorage, ready to navigate)
📋 Test: Display Notification Metadata
⚠️ No notifications found
ℹ️ Metadata not clearly visible

[[ATTACHMENT|artifacts\notifications-Notification-64ed2-etadata-date-type-priority--chromium\test-failed-1.png]]

[[ATTACHMENT|artifacts\notifications-Notification-64ed2-etadata-date-type-priority--chromium\video.webm]]

[[ATTACHMENT|artifacts\notifications-Notification-64ed2-etadata-date-type-priority--chromium\error-context.md]]
]]>
</system-out>
</testcase>
<testcase name="Notifications Module - Real Data E2E › should handle empty notification state" classname="notifications.spec.ts" time="2.958">
<system-out>
<![CDATA[🔐 Logging in as patient1@dentiagest.test...
✅ Logged in as patient1@dentiagest.test (token in localStorage, ready to navigate)
📋 Test: Handle Empty Notification State
✅ Empty state message displayed correctly
]]>
</system-out>
</testcase>
</testsuite>
</testsuites>